[    0.000000] Initializing cgroup subsys cpuset
[    0.000000] Initializing cgroup subsys cpu
[    0.000000] Initializing cgroup subsys cpuacct
[    0.000000] Linux version 4.4.0-210-generic (buildd@lgw01-amd64-009) (gcc version 5.4.0 20160609 (Ubuntu 5.4.0-6ubuntu1~16.04.12) ) #242-Ubuntu SMP Fri Apr 16 09:57:56 UTC 2021 (Ubuntu 4.4.0-210.242-generic 4.4.262)
[    0.000000] Command line: BOOT_IMAGE=/boot/vmlinuz-4.4.0-210-generic root=LABEL=cloudimg-rootfs ro console=tty1 console=ttyS0
[    0.000000] KERNEL supported cpus:
[    0.000000]   Intel GenuineIntel
[    0.000000]   AMD AuthenticAMD
[    0.000000]   Centaur CentaurHauls
[    0.000000] x86/fpu: xstate_offset[2]:  576, xstate_sizes[2]:  256
[    0.000000] x86/fpu: Supporting XSAVE feature 0x01: 'x87 floating point registers'
[    0.000000] x86/fpu: Supporting XSAVE feature 0x02: 'SSE registers'
[    0.000000] x86/fpu: Supporting XSAVE feature 0x04: 'AVX registers'
[    0.000000] x86/fpu: Enabled xstate features 0x7, context size is 832 bytes, using 'standard' format.
[    0.000000] e820: BIOS-provided physical RAM map:
[    0.000000] BIOS-e820: [mem 0x0000000000000000-0x000000000009fbff] usable
[    0.000000] BIOS-e820: [mem 0x000000000009fc00-0x000000000009ffff] reserved
[    0.000000] BIOS-e820: [mem 0x00000000000f0000-0x00000000000fffff] reserved
[    0.000000] BIOS-e820: [mem 0x0000000000100000-0x000000007ffeffff] usable
[    0.000000] BIOS-e820: [mem 0x000000007fff0000-0x000000007fffffff] ACPI data
[    0.000000] BIOS-e820: [mem 0x00000000fec00000-0x00000000fec00fff] reserved
[    0.000000] BIOS-e820: [mem 0x00000000fee00000-0x00000000fee00fff] reserved
[    0.000000] BIOS-e820: [mem 0x00000000fffc0000-0x00000000ffffffff] reserved
[    0.000000] NX (Execute Disable) protection: active
[    0.000000] SMBIOS 2.5 present.
[    0.000000] Hypervisor detected: KVM
[    0.000000] e820: last_pfn = 0x7fff0 max_arch_pfn = 0x400000000
[    0.000000] MTRR: Disabled
[    0.000000] x86/PAT: MTRRs disabled, skipping PAT initialization too.
[    0.000000] CPU MTRRs all blank - virtualized system.
[    0.000000] x86/PAT: Configuration [0-7]: WB  WT  UC- UC  WB  WT  UC- UC  
[    0.000000] found SMP MP-table at [mem 0x0009fff0-0x0009ffff] mapped at [ffff88000009fff0]
[    0.000000] Scanning 1 areas for low memory corruption
[    0.000000] RAMDISK: [mem 0x362dc000-0x37165fff]
[    0.000000] ACPI: Early table checksum verification disabled
[    0.000000] ACPI: RSDP 0x00000000000E0000 000024 (v02 VBOX  )
[    0.000000] ACPI: XSDT 0x000000007FFF0030 00003C (v01 VBOX   VBOXXSDT 00000001 ASL  00000061)
[    0.000000] ACPI: FACP 0x000000007FFF00F0 0000F4 (v04 VBOX   VBOXFACP 00000001 ASL  00000061)
[    0.000000] ACPI: DSDT 0x000000007FFF0470 002325 (v02 VBOX   VBOXBIOS 00000002 INTL 20120111)
[    0.000000] ACPI: FACS 0x000000007FFF0200 000040
[    0.000000] ACPI: FACS 0x000000007FFF0200 000040
[    0.000000] ACPI: APIC 0x000000007FFF0240 00005C (v02 VBOX   VBOXAPIC 00000001 ASL  00000061)
[    0.000000] ACPI: SSDT 0x000000007FFF02A0 0001CC (v01 VBOX   VBOXCPUT 00000002 INTL 20120111)
[    0.000000] No NUMA configuration found
[    0.000000] Faking a node at [mem 0x0000000000000000-0x000000007ffeffff]
[    0.000000] NODE_DATA(0) allocated [mem 0x7ffeb000-0x7ffeffff]
[    0.000000] kvm-clock: Using msrs 4b564d01 and 4b564d00
[    0.000000] kvm-clock: cpu 0, msr 0:7ffe3001, primary cpu clock
[    0.000000] kvm-clock: using sched offset of 3800216336 cycles
[    0.000000] clocksource: kvm-clock: mask: 0xffffffffffffffff max_cycles: 0x1cd42e4dffb, max_idle_ns: 881590591483 ns
[    0.000000] Zone ranges:
[    0.000000]   DMA      [mem 0x0000000000001000-0x0000000000ffffff]
[    0.000000]   DMA32    [mem 0x0000000001000000-0x000000007ffeffff]
[    0.000000]   Normal   empty
[    0.000000]   Device   empty
[    0.000000] Movable zone start for each node
[    0.000000] Early memory node ranges
[    0.000000]   node   0: [mem 0x0000000000001000-0x000000000009efff]
[    0.000000]   node   0: [mem 0x0000000000100000-0x000000007ffeffff]
[    0.000000] Initmem setup node 0 [mem 0x0000000000001000-0x000000007ffeffff]
[    0.000000] ACPI: PM-Timer IO Port: 0x4008
[    0.000000] IOAPIC[0]: apic_id 2, version 32, address 0xfec00000, GSI 0-23
[    0.000000] ACPI: INT_SRC_OVR (bus 0 bus_irq 0 global_irq 2 dfl dfl)
[    0.000000] ACPI: INT_SRC_OVR (bus 0 bus_irq 9 global_irq 9 low level)
[    0.000000] Using ACPI (MADT) for SMP configuration information
[    0.000000] smpboot: Allowing 2 CPUs, 0 hotplug CPUs
[    0.000000] PM: Registered nosave memory: [mem 0x00000000-0x00000fff]
[    0.000000] PM: Registered nosave memory: [mem 0x0009f000-0x0009ffff]
[    0.000000] PM: Registered nosave memory: [mem 0x000a0000-0x000effff]
[    0.000000] PM: Registered nosave memory: [mem 0x000f0000-0x000fffff]
[    0.000000] e820: [mem 0x80000000-0xfebfffff] available for PCI devices
[    0.000000] Booting paravirtualized kernel on KVM
[    0.000000] clocksource: refined-jiffies: mask: 0xffffffff max_cycles: 0xffffffff, max_idle_ns: 7645519600211568 ns
[    0.000000] setup_percpu: NR_CPUS:512 nr_cpumask_bits:512 nr_cpu_ids:2 nr_node_ids:1
[    0.000000] PERCPU: Embedded 33 pages/cpu @ffff88007fc00000 s95192 r8192 d31784 u1048576
[    0.000000] Built 1 zonelists in Node order, mobility grouping on.  Total pages: 515960
[    0.000000] Policy zone: DMA32
[    0.000000] Kernel command line: BOOT_IMAGE=/boot/vmlinuz-4.4.0-210-generic root=LABEL=cloudimg-rootfs ro console=tty1 console=ttyS0
[    0.000000] PID hash table entries: 4096 (order: 3, 32768 bytes)
[    0.000000] Memory: 2029984K/2096696K available (8644K kernel code, 1332K rwdata, 4044K rodata, 1492K init, 1164K bss, 66712K reserved, 0K cma-reserved)
[    0.000000] SLUB: HWalign=64, Order=0-3, MinObjects=0, CPUs=2, Nodes=1
[    0.000000] Kernel/User page tables isolation: enabled
[    0.000000] Hierarchical RCU implementation.
[    0.000000] 	Build-time adjustment of leaf fanout to 64.
[    0.000000] 	RCU restricting CPUs from NR_CPUS=512 to nr_cpu_ids=2.
[    0.000000] RCU: Adjusting geometry for rcu_fanout_leaf=64, nr_cpu_ids=2
[    0.000000] NR_IRQS:33024 nr_irqs:440 16
[    0.000000] Console: colour VGA+ 80x25
[    0.000000] console [tty1] enabled
[    0.000000] console [ttyS0] enabled
[    0.000000] tsc: Detected 3100.000 MHz processor
[    0.212091] Calibrating delay loop (skipped) preset value.. 6200.00 BogoMIPS (lpj=12400000)
[    0.213995] pid_max: default: 32768 minimum: 301
[    0.215016] ACPI: Core revision 20150930
[    0.218808] ACPI: 2 ACPI AML tables successfully acquired and loaded
[    0.220472] Security Framework initialized
[    0.221543] Yama: becoming mindful.
[    0.222959] AppArmor: AppArmor initialized
[    0.226628] Dentry cache hash table entries: 262144 (order: 9, 2097152 bytes)
[    0.230404] Inode-cache hash table entries: 131072 (order: 8, 1048576 bytes)
[    0.233906] Mount-cache hash table entries: 4096 (order: 3, 32768 bytes)
[    0.235592] Mountpoint-cache hash table entries: 4096 (order: 3, 32768 bytes)
[    0.237648] Initializing cgroup subsys io
[    0.239064] Initializing cgroup subsys memory
[    0.241872] Initializing cgroup subsys devices
[    0.243169] Initializing cgroup subsys freezer
[    0.244886] Initializing cgroup subsys net_cls
[    0.245999] Initializing cgroup subsys perf_event
[    0.247283] Initializing cgroup subsys net_prio
[    0.249210] Initializing cgroup subsys hugetlb
[    0.250232] Initializing cgroup subsys pids
[    0.258014] mce: CPU supports 0 MCE banks
[    0.260373] Last level iTLB entries: 4KB 64, 2MB 8, 4MB 8
[    0.261583] Last level dTLB entries: 4KB 64, 2MB 0, 4MB 0, 1GB 4
[    0.263082] Spectre V1 : Mitigation: usercopy/swapgs barriers and __user pointer sanitization
[    0.268064] Spectre V2 : Mitigation: Full generic retpoline
[    0.269290] Spectre V2 : Spectre v2 / SpectreRSB mitigation: Filling RSB on context switch
[    0.271214] Speculative Store Bypass: Vulnerable
[    0.273166] SRBDS: Unknown: Dependent on hypervisor status
[    0.274424] MDS: Mitigation: Clear CPU buffers
[    0.278251] Freeing SMP alternatives memory: 36K
[    0.285420] ftrace: allocating 32380 entries in 127 pages
[    0.343534] smpboot: APIC(0) Converting physical 0 to logical package 0
[    0.347351] smpboot: Max logical packages: 1
[    0.348536] x2apic enabled
[    0.349457] Switched APIC routing to physical x2apic.
[    0.351766] ..TIMER: vector=0x30 apic1=0 pin1=2 apic2=-1 pin2=-1
[    0.461280] smpboot: CPU0: Intel(R) Core(TM) i7-5557U CPU @ 3.10GHz (family: 0x6, model: 0x3d, stepping: 0x4)
[    0.464754] Performance Events: unsupported p6 CPU model 61 no PMU driver, software events only.
[    0.477168] KVM setup paravirtual spinlock
[    0.480570] x86: Booting SMP configuration:
[    0.481775] .... node  #0, CPUs:      #1
[    0.483640] kvm-clock: cpu 1, msr 0:7ffe3041, secondary cpu clock
[    0.492198] mce: CPU supports 0 MCE banks
[    0.495001] x86: Booted up 1 node, 2 CPUs
[    0.496540] smpboot: Total of 2 processors activated (12400.00 BogoMIPS)
[    0.499206] devtmpfs: initialized
[    0.503001] evm: security.selinux
[    0.505873] evm: security.SMACK64
[    0.507034] evm: security.SMACK64EXEC
[    0.508415] evm: security.SMACK64TRANSMUTE
[    0.510370] evm: security.SMACK64MMAP
[    0.511583] evm: security.ima
[    0.512619] evm: security.capability
[    0.513735] clocksource: jiffies: mask: 0xffffffff max_cycles: 0xffffffff, max_idle_ns: 7645041785100000 ns
[    0.515811] futex hash table entries: 512 (order: 3, 32768 bytes)
[    0.518152] pinctrl core: initialized pinctrl subsystem
[    0.519577] RTC time:  3:05:33, date: 12/12/21
[    0.520978] NET: Registered protocol family 16
[    0.533615] cpuidle: using governor ladder
[    0.546091] cpuidle: using governor menu
[    0.547578] PCCT header not found.
[    0.548556] ACPI: bus type PCI registered
[    0.549542] acpiphp: ACPI Hot Plug PCI Controller Driver version: 0.5
[    0.551097] PCI: Using configuration type 1 for base access
[    0.566772] ACPI: Added _OSI(Module Device)
[    0.568052] ACPI: Added _OSI(Processor Device)
[    0.569337] ACPI: Added _OSI(3.0 _SCP Extensions)
[    0.571103] ACPI: Added _OSI(Processor Aggregator Device)
[    0.573446] ACPI: Executed 1 blocks of module-level executable AML code
[    0.576836] ACPI: Interpreter enabled
[    0.578841] ACPI: (supports S0 S5)
[    0.579771] ACPI: Using IOAPIC for interrupt routing
[    0.581666] PCI: Using host bridge windows from ACPI; if necessary, use "pci=nocrs" and report a bug
[    0.590341] ACPI: PCI Root Bridge [PCI0] (domain 0000 [bus 00-ff])
[    0.597130] acpi PNP0A03:00: _OSC: OS supports [ASPM ClockPM Segments MSI]
[    0.600946] acpi PNP0A03:00: _OSC: not requesting OS control; OS requires [ExtendedConfig ASPM ClockPM MSI]
[    0.603685] acpi PNP0A03:00: fail to add MMCONFIG information, can't access extended PCI configuration space under this bridge.
[    0.611442] PCI host bridge to bus 0000:00
[    0.612616] pci_bus 0000:00: root bus resource [io  0x0000-0x0cf7 window]
[    0.614164] pci_bus 0000:00: root bus resource [io  0x0d00-0xffff window]
[    0.616285] pci_bus 0000:00: root bus resource [mem 0x000a0000-0x000bffff window]
[    0.618909] pci_bus 0000:00: root bus resource [mem 0x80000000-0xfdffffff window]
[    0.623138] pci_bus 0000:00: root bus resource [bus 00-ff]
[    0.627772] pci 0000:00:01.1: legacy IDE quirk: reg 0x10: [io  0x01f0-0x01f7]
[    0.642683] pci 0000:00:01.1: legacy IDE quirk: reg 0x14: [io  0x03f6]
[    0.645742] pci 0000:00:01.1: legacy IDE quirk: reg 0x18: [io  0x0170-0x0177]
[    0.659991] pci 0000:00:01.1: legacy IDE quirk: reg 0x1c: [io  0x0376]
[    0.707332] pci 0000:00:07.0: quirk: [io  0x4000-0x403f] claimed by PIIX4 ACPI
[    0.709598] pci 0000:00:07.0: quirk: [io  0x4100-0x410f] claimed by PIIX4 SMB
[    0.733449] ACPI: PCI Interrupt Link [LNKA] (IRQs 5 9 10 *11)
[    0.735768] ACPI: PCI Interrupt Link [LNKB] (IRQs 5 9 *10 11)
[    0.737781] ACPI: PCI Interrupt Link [LNKC] (IRQs 5 *9 10 11)
[    0.740129] ACPI: PCI Interrupt Link [LNKD] (IRQs 5 9 10 *11)
[    0.742432] ACPI: Enabled 2 GPEs in block 00 to 07
[    0.744810] vgaarb: setting as boot device: PCI:0000:00:02.0
[    0.746112] vgaarb: device added: PCI:0000:00:02.0,decodes=io+mem,owns=io+mem,locks=none
[    0.749318] vgaarb: loaded
[    0.750219] vgaarb: bridge control possible 0000:00:02.0
[    0.751615] SCSI subsystem initialized
[    0.752705] ACPI: bus type USB registered
[    0.753662] usbcore: registered new interface driver usbfs
[    0.755009] usbcore: registered new interface driver hub
[    0.756376] usbcore: registered new device driver usb
[    0.758762] PCI: Using ACPI for IRQ routing
[    0.760184] NetLabel: Initializing
[    0.761060] NetLabel:  domain hash size = 128
[    0.762110] NetLabel:  protocols = UNLABELED CIPSOv4
[    0.763472] NetLabel:  unlabeled traffic allowed by default
[    0.764813] amd_nb: Cannot enumerate AMD northbridges
[    0.766081] clocksource: Switched to clocksource kvm-clock
[    0.775017] AppArmor: AppArmor Filesystem Enabled
[    0.776249] pnp: PnP ACPI init
[    0.778650] pnp: PnP ACPI: found 3 devices
[    0.789362] clocksource: acpi_pm: mask: 0xffffff max_cycles: 0xffffff, max_idle_ns: 2085701024 ns
[    0.792349] NET: Registered protocol family 2
[    0.793870] TCP established hash table entries: 16384 (order: 5, 131072 bytes)
[    0.795776] TCP bind hash table entries: 16384 (order: 6, 262144 bytes)
[    0.797436] TCP: Hash tables configured (established 16384 bind 16384)
[    0.799262] UDP hash table entries: 1024 (order: 3, 32768 bytes)
[    0.800778] UDP-Lite hash table entries: 1024 (order: 3, 32768 bytes)
[    0.802355] NET: Registered protocol family 1
[    0.803350] pci 0000:00:00.0: Limiting direct PCI/PCI transfers
[    0.804605] pci 0000:00:01.0: Activating ISA DMA hang workarounds
[    0.806016] Unpacking initramfs...
[    1.050543] Freeing initrd memory: 14888K
[    1.051753] RAPL PMU detected, API unit is 2^-32 Joules, 4 fixed counters 10737418240 ms ovfl timer
[    1.053858] hw unit of domain pp0-core 2^-0 Joules
[    1.055040] hw unit of domain package 2^-0 Joules
[    1.056116] hw unit of domain dram 2^-0 Joules
[    1.057728] hw unit of domain pp1-gpu 2^-0 Joules
[    1.059258] clocksource: tsc: mask: 0xffffffffffffffff max_cycles: 0x2caf47d9d39, max_idle_ns: 440795292816 ns
[    1.062738] platform rtc_cmos: registered platform RTC device (no PNP device found)
[    1.067656] Scanning for low memory corruption every 60 seconds
[    1.069298] audit: initializing netlink subsys (disabled)
[    1.070638] audit: type=2000 audit(1639278338.889:1): initialized
[    1.072702] Initialise system trusted keyring
[    1.073914] HugeTLB registered 2 MB page size, pre-allocated 0 pages
[    1.076820] zbud: loaded
[    1.078800] VFS: Disk quotas dquot_6.6.0
[    1.080947] VFS: Dquot-cache hash table entries: 512 (order 0, 4096 bytes)
[    1.083798] squashfs: version 4.0 (2009/01/31) Phillip Lougher
[    1.085329] fuse init (API version 7.23)
[    1.086455] Key type big_key registered
[    1.087437] Allocating IMA MOK and blacklist keyrings.
[    1.089608] Key type asymmetric registered
[    1.090748] Asymmetric key parser 'x509' registered
[    1.091860] Block layer SCSI generic (bsg) driver version 0.4 loaded (major 249)
[    1.093654] io scheduler noop registered
[    1.095004] io scheduler deadline registered (default)
[    1.096279] io scheduler cfq registered
[    1.097720] pci_hotplug: PCI Hot Plug PCI Core version: 0.5
[    1.099390] pciehp: PCI Express Hot Plug Controller Driver version: 0.4
[    1.101235] ACPI: AC Adapter [AC] (on-line)
[    1.102809] input: Power Button as /devices/LNXSYSTM:00/LNXPWRBN:00/input/input0
[    1.105300] ACPI: Power Button [PWRF]
[    1.106428] input: Sleep Button as /devices/LNXSYSTM:00/LNXSLPBN:00/input/input1
[    1.108480] ACPI: Sleep Button [SLPF]
[    1.109588] GHES: HEST is not enabled!
[    1.110644] Serial: 8250/16550 driver, 32 ports, IRQ sharing enabled
[    1.111498] ACPI: Battery Slot [BAT0] (battery present)
[    1.134440] 00:02: ttyS0 at I/O 0x3f8 (irq = 4, base_baud = 115200) is a 16550A
[    1.137581] Linux agpgart interface v0.103
[    1.141758] loop: module loaded
[    1.143181] scsi host0: ata_piix
[    1.144107] scsi host1: ata_piix
[    1.144977] ata1: PATA max UDMA/33 cmd 0x1f0 ctl 0x3f6 bmdma 0xd000 irq 14
[    1.146630] ata2: PATA max UDMA/33 cmd 0x170 ctl 0x376 bmdma 0xd008 irq 15
[    1.148214] libphy: Fixed MDIO Bus: probed
[    1.149541] tun: Universal TUN/TAP device driver, 1.6
[    1.150679] tun: (C) 1999-2004 Max Krasnyansky <maxk@qualcomm.com>
[    1.152141] PPP generic driver version 2.4.2
[    1.153557] ehci_hcd: USB 2.0 'Enhanced' Host Controller (EHCI) Driver
[    1.155133] ehci-pci: EHCI PCI platform driver
[    1.156191] ehci-platform: EHCI generic platform driver
[    1.157979] ohci_hcd: USB 1.1 'Open' Host Controller (OHCI) Driver
[    1.159609] ohci-pci: OHCI PCI platform driver
[    1.160698] ohci-platform: OHCI generic platform driver
[    1.162049] uhci_hcd: USB Universal Host Controller Interface driver
[    1.163482] i8042: PNP: PS/2 Controller [PNP0303:PS2K,PNP0f03:PS2M] at 0x60,0x64 irq 1,12
[    1.167985] serio: i8042 KBD port at 0x60,0x64 irq 1
[    1.169138] serio: i8042 AUX port at 0x60,0x64 irq 12
[    1.170526] mousedev: PS/2 mouse device common for all mice
[    1.172387] rtc_cmos rtc_cmos: rtc core: registered rtc_cmos as rtc0
[    1.173773] input: AT Translated Set 2 keyboard as /devices/platform/i8042/serio0/input/input2
[    1.175792] rtc_cmos rtc_cmos: alarms up to one day, 114 bytes nvram
[    1.177279] i2c /dev entries driver
[    1.178885] device-mapper: uevent: version 1.0.3
[    1.181060] device-mapper: ioctl: 4.34.0-ioctl (2015-10-28) initialised: dm-devel@redhat.com
[    1.185482] ledtrig-cpu: registered to indicate activity on CPUs
[    1.187994] NET: Registered protocol family 10
[    1.189225] NET: Registered protocol family 17
[    1.190846] Key type dns_resolver registered
[    1.193220] registered taskstats version 1
[    1.195012] Loading compiled-in X.509 certificates
[    1.196596] Loaded X.509 cert 'Build time autogenerated kernel key: cf00e047681d67edb2720680708b7d9498083038'
[    1.199964] zswap: loaded using pool lzo/zbud
[    1.202735] Key type trusted registered
[    1.206643] Key type encrypted registered
[    1.207640] AppArmor: AppArmor sha1 policy hashing enabled
[    1.209395] ima: No TPM chip found, activating TPM-bypass!
[    1.210750] ima: Allocated hash algorithm: sha1
[    1.211864] evm: HMAC attrs: 0x1
[    1.213055]   Magic number: 1:766:57
[    1.213994] rtc_cmos rtc_cmos: setting system clock to 2021-12-12 03:05:34 UTC (1639278334)
[    1.216173] BIOS EDD facility v0.16 2004-Jun-25, 0 devices found
[    1.217861] EDD information not available.
[    1.357645] Freeing unused kernel memory: 1492K
[    1.359217] Write protecting the kernel read-only data: 14336k
[    1.360912] Freeing unused kernel memory: 1584K
[    1.362301] Freeing unused kernel memory: 52K
Loading, please wait...
starting version 229
[    1.376477] random: systemd-udevd: uninitialized urandom read (16 bytes read, 3 bits of entropy available)
[    1.377147] random: udevadm: uninitialized urandom read (16 bytes read, 3 bits of entropy available)
[    1.377173] random: udevadm: uninitialized urandom read (16 bytes read, 3 bits of entropy available)
[    1.385605] random: systemd-udevd: uninitialized urandom read (16 bytes read, 3 bits of entropy available)
[    1.386592] random: udevadm: uninitialized urandom read (16 bytes read, 3 bits of entropy available)
[    1.386653] random: udevadm: uninitialized urandom read (16 bytes read, 3 bits of entropy available)
[    1.386851] random: udevadm: uninitialized urandom read (16 bytes read, 3 bits of entropy available)
[    1.386919] random: udevadm: uninitialized urandom read (16 bytes read, 3 bits of entropy available)
[    1.386995] random: udevadm: uninitialized urandom read (16 bytes read, 3 bits of entropy available)
[    1.387068] random: udevadm: uninitialized urandom read (16 bytes read, 3 bits of entropy available)
[    1.447700] e1000: Intel(R) PRO/1000 Network Driver - version 7.3.21-k8-NAPI
[    1.449905] e1000: Copyright (c) 1999-2006 Intel Corporation.
[    1.454370] Fusion MPT base driver 3.04.20
[    1.455666] Copyright (c) 1999-2008 LSI Corporation
[    1.460853] Fusion MPT SPI Host driver 3.04.20
[    1.488186] AVX2 version of gcm_enc/dec engaged.
[    1.490079] AES CTR mode by8 optimization enabled
[    1.683355] input: ImExPS/2 Generic Explorer Mouse as /devices/platform/i8042/serio1/input/input4
[    1.880356] e1000 0000:00:03.0 eth0: (PCI:33MHz:32-bit) 02:be:82:6b:cc:1d
[    1.881876] e1000 0000:00:03.0 eth0: Intel(R) PRO/1000 Network Connection
[    1.884121] mptbase: ioc0: Initiating bringup
[    1.946924] ioc0: LSI53C1030 A0: Capabilities={Initiator}
[    2.183805] scsi host2: ioc0: LSI53C1030 A0, FwRev=00000000h, Ports=1, MaxQ=256, IRQ=20
[    4.101444] scsi 2:0:0:0: Direct-Access     VBOX     HARDDISK         1.0  PQ: 0 ANSI: 5
[    4.104822] scsi target2:0:0: Beginning Domain Validation
[    4.107442] scsi target2:0:0: Domain Validation skipping write tests
[    4.109104] scsi target2:0:0: Ending Domain Validation
[    4.119782] scsi target2:0:0: asynchronous
[    4.121478] scsi 2:0:1:0: Direct-Access     VBOX     HARDDISK         1.0  PQ: 0 ANSI: 5
[    4.123759] scsi target2:0:1: Beginning Domain Validation
[    4.126277] scsi target2:0:1: Domain Validation skipping write tests
[    4.128438] scsi target2:0:1: Ending Domain Validation
[    4.129851] scsi target2:0:1: asynchronous
[    4.147311] sd 2:0:0:0: Attached scsi generic sg0 type 0
[    4.152074] sd 2:0:0:0: [sda] 83886080 512-byte logical blocks: (42.9 GB/40.0 GiB)
[    4.155361] sd 2:0:0:0: [sda] Write Protect is off
[    4.157507] sd 2:0:0:0: [sda] Incomplete mode parameter data
[    4.159879] sd 2:0:0:0: [sda] Assuming drive cache: write through
[    4.162147] sd 2:0:1:0: [sdb] 20480 512-byte logical blocks: (10.5 MB/10.0 MiB)
[    4.164986] sd 2:0:1:0: [sdb] Write Protect is off
[    4.167472] sd 2:0:1:0: Attached scsi generic sg1 type 0
[    4.170529] sd 2:0:1:0: [sdb] Incomplete mode parameter data
[    4.172625] sd 2:0:1:0: [sdb] Assuming drive cache: write through
[    4.175774]  sda: sda1
[    4.179024] sd 2:0:0:0: [sda] Attached SCSI disk
[    4.185018] sd 2:0:1:0: [sdb] Attached SCSI disk
[    4.519940] e1000 0000:00:08.0 eth1: (PCI:33MHz:32-bit) 08:00:27:03:15:da
[    4.521601] e1000 0000:00:08.0 eth1: Intel(R) PRO/1000 Network Connection
[    4.524217] e1000 0000:00:03.0 enp0s3: renamed from eth0
[    4.531034] e1000 0000:00:08.0 enp0s8: renamed from eth1
Begin: Loading essential drivers ... [    6.181220] md: linear personality registered for level -1
[    6.190857] md: multipath personality registered for level -4
[    6.195333] md: raid0 personality registered for level 0
[    6.204289] md: raid1 personality registered for level 1
[    6.274124] raid6: sse2x1   gen()  9479 MB/s
[    6.342174] raid6: sse2x1   xor()  7425 MB/s
[    6.410192] raid6: sse2x2   gen() 12217 MB/s
[    6.478158] raid6: sse2x2   xor()  7211 MB/s
[    6.546703] raid6: sse2x4   gen()  7431 MB/s
[    6.614169] raid6: sse2x4   xor()  9126 MB/s
[    6.682192] raid6: avx2x1   gen() 13235 MB/s
[    6.750192] raid6: avx2x2   gen() 21682 MB/s
[    6.818178] raid6: avx2x4   gen() 25472 MB/s
[    6.819527] raid6: using algorithm avx2x4 gen() 25472 MB/s
[    6.820697] raid6: using avx2x2 recovery algorithm
[    6.822914] xor: automatically using best checksumming function:
[    6.862159]    avx       : 29250.000 MB/sec
[    6.864526] async_tx: api initialized (async)
[    6.876260] md: raid6 personality registered for level 6
[    6.878523] md: raid5 personality registered for level 5
[    6.880055] md: raid4 personality registered for level 4
[    6.887682] md: raid10 personality registered for level 10
done.
Begin: Running /scripts/init-premount ... done.
Begin: Mounting root file system ... Begin: Running /scripts/local-top ... done.
Begin: Running /scripts/local-premount ... [    6.919722] Btrfs loaded
Scanning for Btrfs filesystems
done.
Warning: fsck not present, so skipping root file system
[    6.942539] EXT4-fs (sda1): mounted filesystem with ordered data mode. Opts: (null)
done.
Begin: Running /scripts/local-bottom ... done.
Begin: Running /scripts/init-bottom ... done.
[    7.019947] systemd[1]: systemd 229 running in system mode. (+PAM +AUDIT +SELINUX +IMA +APPARMOR +SMACK +SYSVINIT +UTMP +LIBCRYPTSETUP +GCRYPT +GNUTLS +ACL +XZ -LZ4 +SECCOMP +BLKID +ELFUTILS +KMOD -IDN)
[    7.024882] systemd[1]: Detected virtualization oracle.
[    7.027415] systemd[1]: Detected architecture x86-64.

Welcome to [1mUbuntu 16.04.7 LTS[0m!

[    7.032522] systemd[1]: Set hostname to <ubuntu>.
[    7.034838] systemd[1]: Initializing machine ID from random generator.
[    7.036241] systemd[1]: Installed transient /etc/machine-id file.
[    7.151484] systemd[1]: Listening on fsck to fsckd communication Socket.
[[0;32m  OK  [0m] Listening on fsck to fsckd communication Socket.
[    7.153896] systemd[1]: Reached target Swap.
[[0;32m  OK  [0m] Reached target Swap.
[    7.156013] systemd[1]: Created slice User and Session Slice.
[[0;32m  OK  [0m] Created slice User and Session Slice.
[    7.159414] systemd[1]: Listening on Journal Audit Socket.
[[0;32m  OK  [0m] Listening on Journal Audit Socket.
[    7.161456] systemd[1]: Listening on Device-mapper event daemon FIFOs.
[[0;32m  OK  [0m] Listening on Device-mapper event daemon FIFOs.
[    7.164776] systemd[1]: Started Trigger resolvconf update for networkd DNS.
[[0;32m  OK  [0m] Started Trigger resolvconf update for networkd DNS.
[    7.167791] systemd[1]: Started Forward Password Requests to Wall Directory Watch.
[[0;32m  OK  [0m] Started Forward Password Requests to Wall Directory Watch.
[    7.171126] systemd[1]: Listening on Syslog Socket.
[[0;32m  OK  [0m] Listening on Syslog Socket.
[    7.173373] systemd[1]: Created slice System Slice.
[[0;32m  OK  [0m] Created slice System Slice.
[    7.175476] systemd[1]: Created slice system-serial\x2dgetty.slice.
[[0;32m  OK  [0m] Created slice system-serial\x2dgetty.slice.
[    7.178859] systemd[1]: Listening on Journal Socket (/dev/log).
[[0;32m  OK  [0m] Listening on Journal Socket (/dev/log).
[    7.186856] systemd[1]: Listening on LVM2 metadata daemon socket.
[[0;32m  OK  [0m] Listening on LVM2 metadata daemon socket.
[    7.189198] systemd[1]: Reached target Encrypted Volumes.
[[0;32m  OK  [0m] Reached target Encrypted Volumes.
[    7.192064] systemd[1]: Listening on LVM2 poll daemon socket.
[[0;32m  OK  [0m] Listening on LVM2 poll daemon socket.
[    7.194252] systemd[1]: Listening on Journal Socket.
[[0;32m  OK  [0m] Listening on Journal Socket.
[    7.210573] systemd[1]: Starting Load Kernel Modules...
         Starting Load Kernel Modules...
[    7.214941] systemd[1]: Starting Monitoring of LVM2 mirrors, snapshots etc. using dmeventd or progress polling...
         Starting Monitoring of LVM2 mirrors... dmeventd or progress polling...
[    7.223205] systemd[1]: Starting Journal Service...
         Starting Journal Service...
[    7.227265] systemd[1]: Mounting POSIX Message Queue File System...
         [    7.229881] Loading iSCSI transport class v2.0-870.
Mounting POSIX Message Queue File System...
[    7.233307] systemd[1]: Mounting Debug File System...
         Mounting Debug File System...
[    7.242514] systemd[1]: Reached target System Time Synchronized.
[[0;32m  OK  [0m] Reached target System Time Synchronized.
[    7.246935] systemd[1]: Starting File System Check on Root Device...
         Starting File System Check on Root Device...
[    7.251917] systemd[1]: Mounting Huge Pages File System...
         Mounting Huge Pages File System...
[    7.255863] systemd[1]: Starting Create list of required static device nodes for the current kernel...
         Starting Create list of required st... nodes for the current kernel...
[    7.261262] iscsi: registered transport (tcp)
[    7.263164] systemd[1]: Starting Nameserver information manager...
         Starting Nameserver information manager...
[    7.268530] systemd[1]: Listening on /dev/initctl Compatibility Named Pipe.
[[0;32m  OK  [0m] Listening on /dev/initctl Compatibility Named Pipe.
[    7.275016] systemd[1]: Reached target Slices.
[[0;32m  OK  [0m] Reached target Slices.
[    7.278358] systemd[1]: Listening on udev Kernel Socket.
[[0;32m  OK  [0m] Listening on udev Kernel Socket.
[    7.282514] systemd[1]: Starting Set console keymap...
         Starting Set console keymap...
[    7.287188] systemd[1]: Reached target User and Group Name Lookups.
[[0;32m  OK  [0m] Reached target User and Group Name Lookups.
[    7.291492] systemd[1]: Set up automount Arbitrary Executable File Formats File System Automount Point.
[[0;32m  OK  [0m] Set up automount Arbitrary Executab...ats File System Automount Point.
[    7.299551] systemd[1]: Starting Uncomplicated firewall...
         Starting Uncomplicated firewall...
[    7.302801] systemd[1]: Listening on udev Control Socket.
[[0;32m  OK  [0m] Listening on udev Control Socket.
[    7.307510] systemd[1]: Mounted Huge Pages File System.
[[0;32m  OK  [0m] Mounted Huge Pages File System.
[    7.310808] systemd[1]: Mounted POSIX Message Queue File System.
[[0;32m  OK  [0m] Mounted POSIX Message Queue File System.
[    7.314419] systemd[1]: Mounted Debug File System.
[[0;32m  OK  [0m] Mounted Debug File System.
[    7.322397] systemd[1]: Started Journal Service.
[[0;32m  OK  [0m] Started Journal Service.
[[0;32m  OK  [0m] Started File System Check on Root Device.
[[0;32m  OK  [0m] Started Create list of required sta...ce nodes for the current kernel.
[    7.342442] iscsi: registered transport (iser)
[[0;32m  OK  [0m] Started Load Kernel Modules.
[[0;32m  OK  [0m] Started Set console keymap.
[[0;32m  OK  [0m] Started Uncomplicated firewall.
[[0;32m  OK  [0m] Started Nameserver information manager.
[[0;32m  OK  [0m] Started LVM2 metadata daemon.
[[0;32m  OK  [0m] Started File System Check Daemon to report status.
         Starting Apply Kernel Variables...
         Mounting FUSE Control File System...
         Starting Create Static Device Nodes in /dev...
         Starting Remount Root and Kernel File Systems...
[[0;32m  OK  [0m] Mounted FUSE Control File System.
[[0;32m  OK  [0m] Started Apply Kernel Variables.
[[0;32m  OK  [0m] Started Remount Root and Kernel File Systems.
[[0;32m  OK  [0m] Started Create Static Device Nodes in /dev.
         Starting udev Kernel Device Manager...
         Starting Flush Journal to Persistent Storage...
         Starting udev Coldplug all Devices...
         Starting Load/Save Random Seed...
[[0;32m  OK  [0m] Started Load/Save Random Seed.
[[0;32m  OK  [0m] Started Flush Journal to Persistent Storage.
[[0;32m  OK  [0m] Started udev Kernel Device Manager.
[[0;32m  OK  [0m] Started udev Coldplug all Devices.
[[0;32m  OK  [0m] Started Dispatch Password Requests to Console Directory Watch.
[[0;32m  OK  [0m] Found device /dev/ttyS0.
[[0;32m  OK  [0m] Listening on Load/Save RF Kill Switch Status /dev/rfkill Watch.
[[0;32m  OK  [0m] Started Monitoring of LVM2 mirrors,...ng dmeventd or progress polling.
[[0;32m  OK  [0m] Reached target Local File Systems (Pre).
[[0;32m  OK  [0m] Reached target Local File Systems.
         Starting Tell Plymouth To Write Out Runtime Data...
         Starting LSB: AppArmor initialization...
         Starting Create Volatile Files and Directories...
         Starting Set console font and keymap...
         Starting Commit a transient machine-id on disk...
         Starting Initial cloud-init job (pre-networking)...
[[0;32m  OK  [0m] Started Tell Plymouth To Write Out Runtime Data.
[[0;32m  OK  [0m] Started Create Volatile Files and Directories.
[[0;32m  OK  [0m] Started Commit a transient machine-id on disk.
         Starting Update UTMP about System Boot/Shutdown...
[[0;32m  OK  [0m] Started Update UTMP about System Boot/Shutdown.
[[0;32m  OK  [0m] Started Set console font and keymap.
[[0;32m  OK  [0m] Created slice system-getty.slice.
[[0;32m  OK  [0m] Started LSB: AppArmor initialization.
         Starting Load AppArmor profiles managed internally by snapd...
[[0;32m  OK  [0m] Started Load AppArmor profiles managed internally by snapd.
[   10.037889] cloud-init[644]: Cloud-init v. 21.1-19-gbad84ad4-0ubuntu1~16.04.2 running 'init-local' at Sun, 12 Dec 2021 03:05:43 +0000. Up 9.47 seconds.
[[0;32m  OK  [0m] Started Initial cloud-init job (pre-networking).
[[0;32m  OK  [0m] Reached target Network (Pre).
         Starting Raise network interfaces...
[[0;32m  OK  [0m] Started Raise network interfaces.
[[0;32m  OK  [0m] Reached target Network.
         Starting Initial cloud-init job (metadata service crawler)...
[   11.344388] cloud-init[967]: Cloud-init v. 21.1-19-gbad84ad4-0ubuntu1~16.04.2 running 'init' at Sun, 12 Dec 2021 03:05:44 +0000. Up 10.73 seconds.
[   11.347302] cloud-init[967]: ci-info: ++++++++++++++++++++++++++++++++++++++Net device info+++++++++++++++++++++++++++++++++++++++
[   11.356949] cloud-init[967]: ci-info: +--------+-------+----------------------------+---------------+--------+-------------------+
[   11.359682] cloud-init[967]: ci-info: | Device |   Up  |          Address           |      Mask     | Scope  |     Hw-Address    |
[   11.363400] cloud-init[967]: ci-info: +--------+-------+----------------------------+---------------+--------+-------------------+
[   11.368657] cloud-init[967]: ci-info: | enp0s3 |  True |         10.0.2.15          | 255.255.255.0 | global | 02:be:82:6b:cc:1d |
[   11.373299] cloud-init[967]: ci-info: | enp0s3 |  True | fe80::be:82ff:fe6b:cc1d/64 |       .       |  link  | 02:be:82:6b:cc:1d |
[   11.380918] cloud-init[967]: ci-info: | enp0s8 | False |             .              |       .       |   .    | 08:00:27:03:15:da |
[   11.382376] cloud-init[967]: ci-info: |   lo   |  True |         127.0.0.1          |   255.0.0.0   |  host  |         .         |
[   11.396458] cloud-init[967]: ci-info: |   lo   |  True |          ::1/128           |       .       |  host  |         .         |
[   11.398792] cloud-init[967]: ci-info: +--------+-------+----------------------------+---------------+--------+-------------------+
[   11.401455] cloud-init[967]: ci-info: +++++++++++++++++++++++++++Route IPv4 info++++++++++++++++++++++++++++
[   11.410072] cloud-init[967]: ci-info: +-------+-------------+----------+---------------+-----------+-------+
[   11.413126] cloud-init[967]: ci-info: | Route | Destination | Gateway  |    Genmask    | Interface | Flags |
[   11.415030] cloud-init[967]: ci-info: +-------+-------------+----------+---------------+-----------+-------+
[   11.424444] cloud-init[967]: ci-info: |   0   |   0.0.0.0   | 10.0.2.2 |    0.0.0.0    |   enp0s3  |   UG  |
[   11.426756] cloud-init[967]: ci-info: |   1   |   10.0.2.0  | 0.0.0.0  | 255.255.255.0 |   enp0s3  |   U   |
[   11.429476] cloud-init[967]: ci-info: +-------+-------------+----------+---------------+-----------+-------+
[   11.436600] cloud-init[967]: ci-info: +++++++++++++++++++Route IPv6 info+++++++++++++++++++
[   11.437985] cloud-init[967]: ci-info: +-------+-------------+---------+-----------+-------+
[   11.444553] cloud-init[967]: ci-info: | Route | Destination | Gateway | Interface | Flags |
[   11.446562] cloud-init[967]: ci-info: +-------+-------------+---------+-----------+-------+
[   11.449279] cloud-init[967]: ci-info: |   0   |  fe80::/64  |    ::   |   enp0s3  |   U   |
[   11.452822] cloud-init[967]: ci-info: |   3   |   ff00::/8  |    ::   |   enp0s3  |   U   |
[[   11.453303] cloud-init[967]: ci-info: +-------+-------------+---------+-----------+-------+
[   11.455005] cloud-init[967]: Generating public/private rsa key pair.
[   11.455639] cloud-init[967]: Your identification has been saved in /etc/ssh/ssh_host_rsa_key.
[   11.455790] cloud-init[967]: Your public key has been saved in /etc/ssh/ssh_host_rsa_key.pub.
[   11.456244] cloud-init[967]: The key fingerprint is:
[0;32m  OK  [0m] Started Initial cloud-init job (metadata service crawler).
[   11.457298] cloud-init[967]: SHA256:gmIKdHR1+Z/9zv1WOC7jolUTqhBfaX8ozMLDZO0XC5A root@ubuntu-xenial
[   11.463733] cloud-init[967]: The key's randomart image is:
[   11.463992] cloud-init[967]: +---[RSA 2048]----+
[   11.465227] cloud-init[967]: |   . ....o.      |
[   11.466088] cloud-init[967]: |  . .   E+ .     |
[   11.466831] cloud-init[967]: | . .  . o B o    |
[   11.468293] cloud-init[967]: |. .  . B * = =   |
[   11.468785] cloud-init[967]: |. o . o S * O +. |
[   11.469923] cloud-init[967]: |.o .   o + + =o..|
[[0;32m  OK  [0m] Reached target Network is Online.
[   11.470507] cloud-init[967]: |.       . .  . .o|
[   11.480799] cloud-init[967]: |         .. o ..+|
[   11.482065] cloud-init[967]: |        .. o.o o*|
[   11.483211] cloud-init[967]: +----[SHA256]-----+
[   11.492411] cloud-init[967]: Generating public/private dsa key pair.
[   11.492649] cloud-init[967]: Your identification has been saved in /etc/ssh/ssh_host_dsa_key.
         Starting iSCSI initiator daemon (iscsid)...
[[   11.492960] cloud-init[967]: Your public key has been saved in /etc/ssh/ssh_host_dsa_key.pub.
[   11.501276] cloud-init[967]: The key fingerprint is:
[0;32m  OK  [0m[   11.503517] ] cloud-initReached target System Initialization.[967]: 
SHA256:rZwvcagrwLHJfLOYhlcZLHn0TZN86eVrx37B/Em7p8Q root@ubuntu-xenial
[   11.503672] cloud-init[967]: The key's randomart image is:
[   11.506616] cloud-init[967]: +---[DSA 1024]----+
[   11.508072] cloud-init[967]: |       . . .     |
[   11.508986] cloud-init[967]: |    .   = o .    |
[   11.510154] cloud-init[967]: |   + . o + o     |
[   11.510444] cloud-init[967]: |  + + . ... .    |
[[0;32m  OK  [0m] Listening on ACPID Listen Socket.
[   11.510813] cloud-init[967]: | + * o  S..  oo  |
         Starting LXD - unix socket.[   11.515647] cloud-init[967]: |  B =  .oo. o.o= |
[   11.515842] cloud-init[967]: | . * o .+o . oE =|

[   11.517556] cloud-init[967]: |. = o . ..   ..o+|
[   11.519201] cloud-init[967]: | o   ... ..   .+o|
[[0;32m  OK  [0m] Listening on D-Bus System Message Bus Socket.
[   11.519380] cloud-init[967]: +----[SHA256]-----+
[   11.528923] cloud-init[967]: Generating public/private ecdsa key pair.
[   11.529144] cloud-init[967]: Your identification has been saved in /etc/ssh/ssh_host_ecdsa_key.
[   11.529234] cloud-init[967]: Your public key has been saved in /etc/ssh/ssh_host_ecdsa_key.pub.
[[0;32m  OK  [0m] Started ACPI Events Check.
[[   11.530851] cloud-init[967]: The key fingerprint is:
[   11.534432] cloud-init[0;32m  OK  [0m[967]: ] SHA256:EUzpR1qfhRMW3GGbaDDv084fboHAK3zqUotKc2iy0NU root@ubuntu-xenialReached target Paths.

[[   11.535513] cloud-init[967]: The key's randomart image is:
[   11.537384] cloud-init[967]: +---[ECDSA 256]---+
[   11.538552] cloud-init[967]: |       oo.o.+=o. |
[   11.539513] cloud-init[967]: |        o.o=+ooo |
[0;32m  OK  [0m[   11.540443] cloud-init[967]: |       ..+..++o  |
[   11.541561] cloud-init[967]: |      . o..=o.   |
[   11.542673] cloud-init[967]: |     . ES.  = o  |
[   11.543316] cloud-init[967]: |  . . .  + o = . |
[   11.544890] cloud-init[967]: | . o = .o =   o..|
[   11.545263] cloud-init[967]: |  . = oo o    .o.|
[   11.546619] cloud-init[967]: |   . .. o.    ...|
[   11.547324] cloud-init[967]: +----[SHA256]-----+
] Started Message of the Day.
[[   11.547525] cloud-init[967]: Generating public/private ed25519 key pair.
[   11.550446] [0;32m  OK  [0mcloud-init] [967]: Started Ubuntu Advantage update messaging.Your identification has been saved in /etc/ssh/ssh_host_ed25519_key.

[   11.556795] cloud-init[967]: Your public key has been saved in /etc/ssh/ssh_host_ed25519_key.pub.
         [   11.557060] Starting Socket activation for snappy daemon.cloud-init
[967]: The key fingerprint is:
[   11.562158] cloud-init[967]: SHA256:xoMyfv8SyagUgYGgPwlyVenqhjJWsQZxqncY2E+rBT8 root@ubuntu-xenial
[   11.562507] cloud-init[967]: The key's randomart image is:
[[0;32m  OK  [0m] Started Daily Cleanup of Temporary Directories.
[[   11.562680] cloud-init[967]: +--[ED25519 256]--+
[   11.566715] cloud-init[967]: |o..o....         |
[   11.567588] cloud-init[967]: |o..o. .          |
[0;32m  OK  [0m] Started Daily apt download activities.
[   11.567979] cloud-init[967]: |+o=  o           |
[[0;32m  OK  [0m] Started Daily apt upgrade and clean activities.
[[   11.570968] cloud-init[967]: |o*+oo .o         |
[   11.573747] cloud-init[967]: |. =B=+.oS.       |
[0;32m  OK  [0m] Reached target Timers.
[   11.574324] cloud-init[967]: |. o*Eo..+.       |
[   11.577744] cloud-init[967]: | .oB.o.  .       |
[   11.579424] cloud-init[967]: |o.o +. ..        |
[   11.579788] cloud-init[967]: |.o .    .o.      |
[   11.580552] cloud-init[967]: +----[SHA256]-----+
[[0;32m  OK  [0m] Listening on UUID daemon activation socket.
[[0;32m  OK  [0m] Reached target Cloud-config availability.
[[0;32m  OK  [0m] Listening on LXD - unix socket.
[[0;32m  OK  [0m] Listening on Socket activation for snappy daemon.
[[0;32m  OK  [0m] Reached target Sockets.
[[0;32m  OK  [0m] Reached target Basic System.
         Starting System Logging Service...
[[0;32m  OK  [0m] Started Deferred execution scheduler.
         Starting /etc/rc.local Compatibility...
[[0;32m  OK  [0m] Started FUSE filesystem for LXC.
         Starting LSB: Record successful boot for GRUB...
         Starting Accounts Service...
[[0;32m  OK  [0m] Started ACPI event daemon.
[[0;32m  OK  [0m] Started D-Bus System Message Bus.
         Starting Virtualbox guest utils...
         Starting Snap Daemon...
         Starting Login Service...
         Starting LSB: MD monitoring daemon...
[[0;32m  OK  [0m] Started Regular background program processing daemon.
         Starting Pollinate to seed the pseudo random number generator...
         Starting LXD - container startup/shutdown...
[[0;32m  OK  [0m] Started System Logging Service.
[[0;32m  OK  [0m] Started iSCSI initiator daemon (iscsid).
[[0;32m  OK  [0m] Started /etc/rc.local Compatibility.
         Starting Authenticate and Authorize Users to Run Privileged Tasks...
         Starting Login to default iSCSI targets...
[[0;32m  OK  [0m] Started Login Service.
[[0;32m  OK  [0m] Started Unattended Upgrades Shutdown.
[[0;32m  OK  [0m] Started LSB: Record successful boot for GRUB.
[[0;32m  OK  [0m] Started LSB: MD monitoring daemon.
[[0;32m  OK  [0m] Started Login to default iSCSI targets.
[[0;32m  OK  [0m] Reached target Remote File Systems (Pre).
[[0;32m  OK  [0m] Reached target Remote File Systems.
         Starting LSB: Set the CPU Frequency Scaling governor to "ondemand"...
         Starting LSB: automatic crash report generation...
         Starting Permit User Sessions...
         Starting LSB: daemon to balance interrupts for SMP systems...
[[0;32m  OK  [0m] Started Authenticate and Authorize Users to Run Privileged Tasks.
[[0;32m  OK  [0m] Started Permit User Sessions.
[[0;32m  OK  [0m] Started Accounts Service.
         Starting Terminate Plymouth Boot Screen...
         Starting Hold until boot process finishes up...
[[0;32m  OK  [0m] Started Hold until boot process finishes up.
         Starting Set console scheme...
[[0;32m  OK  [0m] Started Serial Getty on ttyS0.
[[0;32m  OK  [0m] Started Getty on tty1.
[[0;32m  OK  [0m] Reached target Login Prompts.
[[0;32m  OK  [0m] Started Terminate Plymouth Boot Screen.
[[0;32m  OK  [0m] Started Set console scheme.
[[0;32m  OK  [0m] Started LXD - container startup/shutdown.
[[0;32m  OK  [0m] Started LSB: Set the CPU Frequency Scaling governor to "ondemand".
[[0;32m  OK  [0m] Started Virtualbox guest utils.
[[0;32m  OK  [0m] Started LSB: daemon to balance interrupts for SMP systems.
[[0;32m  OK  [0m] Started LSB: automatic crash report generation.
[[0;32m  OK  [0m] Started Snap Daemon.
         Starting Wait until snapd is fully seeded...
[[0;32m  OK  [0m] Started Pollinate to seed the pseudo random number generator.
         Starting OpenBSD Secure Shell server...
[[0;32m  OK  [0m] Started OpenBSD Secure Shell server.
[[0;32m  OK  [0m] Created slice User Slice of vagrant.
         Starting User Manager for UID 1000...
[[0;32m  OK  [0m] Started Session 1 of user vagrant.
[[0;32m  OK  [0m] Started User Manager for UID 1000.
[[0;32m  OK  [0m] Started Wait until snapd is fully seeded.
[[0;32m  OK  [0m] Reached target Multi-User System.
[[0;32m  OK  [0m] Reached target Graphical Interface.
         Starting Update UTMP about System Runlevel Changes...
         Starting Apply the settings specified in cloud-config...
[[0;32m  OK  [0m] Started Update UTMP about System Runlevel Changes.
[   15.677882] cloud-init[1427]: Generating locales (this might take a while)...
[[0;32m  OK  [0m] Started Session 2 of user vagrant.
[   16.941283] cloud-init[1427]:   en_US.UTF-8... done
[   16.943670] cloud-init[1427]: Generation complete.
[   17.596303] cloud-init[1427]: Cloud-init v. 21.1-19-gbad84ad4-0ubuntu1~16.04.2 running 'modules:config' at Sun, 12 Dec 2021 03:05:49 +0000. Up 15.55 seconds.
[[0;32m  OK  [0m] Started Apply the settings specified in cloud-config.
         Starting Execute cloud user/final scripts...
ci-info: no authorized SSH keys fingerprints found for user ubuntu.
<14>Dec 12 03:05:52 ec2: 
<14>Dec 12 03:05:52 ec2: #############################################################
<14>Dec 12 03:05:52 ec2: -----BEGIN SSH HOST KEY FINGERPRINTS-----
<14>Dec 12 03:05:52 ec2: 1024 SHA256:rZwvcagrwLHJfLOYhlcZLHn0TZN86eVrx37B/Em7p8Q root@ubuntu-xenial (DSA)
<14>Dec 12 03:05:52 ec2: 256 SHA256:EUzpR1qfhRMW3GGbaDDv084fboHAK3zqUotKc2iy0NU root@ubuntu-xenial (ECDSA)
<14>Dec 12 03:05:52 ec2: 256 SHA256:xoMyfv8SyagUgYGgPwlyVenqhjJWsQZxqncY2E+rBT8 root@ubuntu-xenial (ED25519)
<14>Dec 12 03:05:52 ec2: 2048 SHA256:gmIKdHR1+Z/9zv1WOC7jolUTqhBfaX8ozMLDZO0XC5A root@ubuntu-xenial (RSA)
<14>Dec 12 03:05:52 ec2: -----END SSH HOST KEY FINGERPRINTS-----
<14>Dec 12 03:05:52 ec2: #############################################################
-----BEGIN SSH HOST KEY KEYS-----
ecdsa-sha2-nistp256 AAAAE2VjZHNhLXNoYTItbmlzdHAyNTYAAAAIbmlzdHAyNTYAAABBBA5IKS3X3qUsbezyKxW7BF70yfRBzJh1wk/RBlZ3WDBq7Ee1UppzpXdlmOnzAfTtK8GKReRGzDPtnmnt7k8VNm0= root@ubuntu-xenial
ssh-ed25519 AAAAC3NzaC1lZDI1NTE5AAAAIHYHS2Yerw0cOQACCXEnVm3yT0SJvH0XZCLSuYKb2C8P root@ubuntu-xenial
ssh-rsa AAAAB3NzaC1yc2EAAAADAQABAAABAQDTVT+ITSLAcs0ugVawVrWFR4YK9Lj5FEJkBU7sgjXij1Eq6OwNkfqfsb1kyxSTwHHpZVSfNbCKfWbErmpoz9YfFUdeLhZCuovUKLijrRrDl/HPjIgx6I6UaaVurzY7YUXufXui34/pdDkJYvkDFHfdYKu5jYEhGKteEruGp8wtE2vHcduHVfQtSqtRw6T9FhMKZJ9Mpmw0HutTK2yoLnzbL76C5G+kHbvdUBGrUUCrz3aVtiYATn9C2K4D8oFF/3aXOLmn9zYmeRs7lffGqqTZohlj8ysyrFYdqpR4DF5Q5cgCPXwjtGC0sJ59jeVCQ3pZSBEA3MOFZ/Qw0xcYhggz root@ubuntu-xenial
-----END SSH HOST KEY KEYS-----
[   18.649963] cloud-init[1675]: Cloud-init v. 21.1-19-gbad84ad4-0ubuntu1~16.04.2 running 'modules:final' at Sun, 12 Dec 2021 03:05:51 +0000. Up 18.25 seconds.
[   18.657633] cloud-init[1675]: ci-info: no authorized SSH keys fingerprints found for user ubuntu.
[   18.657861] cloud-init[1675]: Cloud-init v. 21.1-19-gbad84ad4-0ubuntu1~16.04.2 finished at Sun, 12 Dec 2021 03:05:52 +0000. Datasource DataSourceNoCloud [seed=/dev/sdb][dsmode=net].  Up 18.63 seconds

Ubuntu 16.04.7 LTS ubuntu-xenial ttyS0

ubuntu-xenial login: 